f:\baseproject\simplegame\x64\debug\simplegame.pch
f:\baseproject\simplegame\x64\debug\vc143.pdb
f:\baseproject\simplegame\x64\debug\vc143.idb
f:\baseproject\simplegame\x64\debug\stdafx.obj
f:\baseproject\simplegame\x64\debug\simplegame.obj
f:\baseproject\simplegame\x64\debug\renderer.obj
f:\baseproject\x64\debug\simplegame.exe
f:\baseproject\simplegame\x64\debug\simplegame.ilk
f:\baseproject\x64\debug\simplegame.pdb
c:\users\leoch\desktop\study\겜소공\baseproject_se\simplegame\x64\debug\renderer.obj
c:\users\leoch\desktop\study\겜소공\baseproject_se\simplegame\x64\debug\simplegame.obj
c:\users\leoch\desktop\study\겜소공\baseproject_se\simplegame\x64\debug\stdafx.obj
c:\users\leoch\desktop\study\겜소공\baseproject_se\simplegame\x64\debug\simplegame.ilk
c:\users\leoch\desktop\study\겜소공\baseproject_se\simplegame\x64\debug\simplegame.pch
c:\users\leoch\desktop\study\겜소공\baseproject_se\simplegame\x64\debug\vc143.idb
c:\users\leoch\desktop\study\겜소공\baseproject_se\simplegame\x64\debug\vc143.pdb
c:\users\leoch\desktop\study\겜소공\baseproject_se\simplegame\x64\debug\simplegame.tlog\cl.command.1.tlog
c:\users\leoch\desktop\study\겜소공\baseproject_se\simplegame\x64\debug\simplegame.tlog\cl.items.tlog
c:\users\leoch\desktop\study\겜소공\baseproject_se\simplegame\x64\debug\simplegame.tlog\cl.read.1.tlog
c:\users\leoch\desktop\study\겜소공\baseproject_se\simplegame\x64\debug\simplegame.tlog\cl.write.1.tlog
c:\users\leoch\desktop\study\겜소공\baseproject_se\simplegame\x64\debug\simplegame.tlog\link.command.1.tlog
c:\users\leoch\desktop\study\겜소공\baseproject_se\simplegame\x64\debug\simplegame.tlog\link.read.2.tlog
c:\users\leoch\desktop\study\겜소공\baseproject_se\simplegame\x64\debug\simplegame.tlog\link.write.1.tlog
